[biolyze.space/classroom/lesson-24/index.html]
[backblue.gif]
[fade.gif]
[index.html]
[biolyze.space/logo.png]
[biolyze.space/js/main.js]
[biolyze.space/classroom/lesson-24/appmanifest.json]
[biolyze.space/classroom/lesson-24/icon-256.png]
[biolyze.space/classroom/lesson-24/animate.css]
[biolyze.space/classroom/lesson-24/hmmg_layoutTransition.css]
[biolyze.space/classroom/lesson-24/jquery.gritter.css]
[biolyze.space/classroom/lesson-24/jquery-3.4.1.min.js]
[biolyze.space/classroom/lesson-24/GameAnalytics.js]
[biolyze.space/classroom/lesson-24/Tween.js]
[biolyze.space/classroom/lesson-24/html2canvas.min.js]
[biolyze.space/classroom/lesson-24/jquery.gritter.js]
[biolyze.space/classroom/lesson-24/howler.js]
[biolyze.space/classroom/lesson-24/index.html]
[biolyze.space/logo.html]
[biolyze.space/js/main.html]
[biolyze.space/classroom/lesson-24/animate.css]
[biolyze.space/classroom/lesson-24/hmmg_layoutTransition.css]
[biolyze.space/classroom/lesson-24/jquery.gritter.css]
[biolyze.space/classroom/lesson-24/sw.js]
[biolyze.space/classroom/lesson-24/c2runtime.js]
